Archive member included to satisfy reference by file (symbol)

D:/arm-gnu-toolchain-13.3.rel1-mingw-w64-i686-arm-none-eabi/bin/../lib/gcc/arm-none-eabi/13.3.1/thumb/v7e-m+fp/hard\libgcc.a(_aeabi_uldivmod.o)
                              CMakeFiles/stm32Demo.elf.dir/Drivers/STM32H7xx_HAL_Driver/Src/stm32h7xx_hal_uart.c.obj (__aeabi_uldivmod)
D:/arm-gnu-toolchain-13.3.rel1-mingw-w64-i686-arm-none-eabi/bin/../lib/gcc/arm-none-eabi/13.3.1/thumb/v7e-m+fp/hard\libgcc.a(_udivmoddi4.o)
                              D:/arm-gnu-toolchain-13.3.rel1-mingw-w64-i686-arm-none-eabi/bin/../lib/gcc/arm-none-eabi/13.3.1/thumb/v7e-m+fp/hard\libgcc.a(_aeabi_uldivmod.o) (__udivmoddi4)
D:/arm-gnu-toolchain-13.3.rel1-mingw-w64-i686-arm-none-eabi/bin/../lib/gcc/arm-none-eabi/13.3.1/thumb/v7e-m+fp/hard\libgcc.a(_dvmd_tls.o)
                              D:/arm-gnu-toolchain-13.3.rel1-mingw-w64-i686-arm-none-eabi/bin/../lib/gcc/arm-none-eabi/13.3.1/thumb/v7e-m+fp/hard\libgcc.a(_aeabi_uldivmod.o) (__aeabi_ldiv0)
D:/arm-gnu-toolchain-13.3.rel1-mingw-w64-i686-arm-none-eabi/bin/../lib/gcc/arm-none-eabi/13.3.1/thumb/v7e-m+fp/hard\libc.a(libc_a-exit.o)
                              D:/arm-gnu-toolchain-13.3.rel1-mingw-w64-i686-arm-none-eabi/bin/../lib/gcc/arm-none-eabi/13.3.1/thumb/v7e-m+fp/hard/crt0.o (exit)
D:/arm-gnu-toolchain-13.3.rel1-mingw-w64-i686-arm-none-eabi/bin/../lib/gcc/arm-none-eabi/13.3.1/thumb/v7e-m+fp/hard\libc.a(libc_a-findfp.o)
                              D:/arm-gnu-toolchain-13.3.rel1-mingw-w64-i686-arm-none-eabi/bin/../lib/gcc/arm-none-eabi/13.3.1/thumb/v7e-m+fp/hard\libc.a(libc_a-exit.o) (__stdio_exit_handler)
D:/arm-gnu-toolchain-13.3.rel1-mingw-w64-i686-arm-none-eabi/bin/../lib/gcc/arm-none-eabi/13.3.1/thumb/v7e-m+fp/hard\libc.a(libc_a-fwalk.o)
                              D:/arm-gnu-toolchain-13.3.rel1-mingw-w64-i686-arm-none-eabi/bin/../lib/gcc/arm-none-eabi/13.3.1/thumb/v7e-m+fp/hard\libc.a(libc_a-findfp.o) (_fwalk_sglue)
D:/arm-gnu-toolchain-13.3.rel1-mingw-w64-i686-arm-none-eabi/bin/../lib/gcc/arm-none-eabi/13.3.1/thumb/v7e-m+fp/hard\libc.a(libc_a-sprintf.o)
                              CMakeFiles/stm32Demo.elf.dir/Middlewares/Third_Party/FreeRTOS/Source/tasks.c.obj (sprintf)
D:/arm-gnu-toolchain-13.3.rel1-mingw-w64-i686-arm-none-eabi/bin/../lib/gcc/arm-none-eabi/13.3.1/thumb/v7e-m+fp/hard\libc.a(libc_a-stdio.o)
                              D:/arm-gnu-toolchain-13.3.rel1-mingw-w64-i686-arm-none-eabi/bin/../lib/gcc/arm-none-eabi/13.3.1/thumb/v7e-m+fp/hard\libc.a(libc_a-findfp.o) (__sread)
D:/arm-gnu-toolchain-13.3.rel1-mingw-w64-i686-arm-none-eabi/bin/../lib/gcc/arm-none-eabi/13.3.1/thumb/v7e-m+fp/hard\libc.a(libc_a-memset.o)
                              D:/arm-gnu-toolchain-13.3.rel1-mingw-w64-i686-arm-none-eabi/bin/../lib/gcc/arm-none-eabi/13.3.1/thumb/v7e-m+fp/hard/crt0.o (memset)
D:/arm-gnu-toolchain-13.3.rel1-mingw-w64-i686-arm-none-eabi/bin/../lib/gcc/arm-none-eabi/13.3.1/thumb/v7e-m+fp/hard\libc.a(libc_a-closer.o)
                              D:/arm-gnu-toolchain-13.3.rel1-mingw-w64-i686-arm-none-eabi/bin/../lib/gcc/arm-none-eabi/13.3.1/thumb/v7e-m+fp/hard\libc.a(libc_a-stdio.o) (_close_r)
D:/arm-gnu-toolchain-13.3.rel1-mingw-w64-i686-arm-none-eabi/bin/../lib/gcc/arm-none-eabi/13.3.1/thumb/v7e-m+fp/hard\libc.a(libc_a-reent.o)
                              D:/arm-gnu-toolchain-13.3.rel1-mingw-w64-i686-arm-none-eabi/bin/../lib/gcc/arm-none-eabi/13.3.1/thumb/v7e-m+fp/hard\libc.a(libc_a-closer.o) (errno)
D:/arm-gnu-toolchain-13.3.rel1-mingw-w64-i686-arm-none-eabi/bin/../lib/gcc/arm-none-eabi/13.3.1/thumb/v7e-m+fp/hard\libc.a(libc_a-impure.o)
                              D:/arm-gnu-toolchain-13.3.rel1-mingw-w64-i686-arm-none-eabi/bin/../lib/gcc/arm-none-eabi/13.3.1/thumb/v7e-m+fp/hard\libc.a(libc_a-sprintf.o) (_impure_ptr)
D:/arm-gnu-toolchain-13.3.rel1-mingw-w64-i686-arm-none-eabi/bin/../lib/gcc/arm-none-eabi/13.3.1/thumb/v7e-m+fp/hard\libc.a(libc_a-lseekr.o)
                              D:/arm-gnu-toolchain-13.3.rel1-mingw-w64-i686-arm-none-eabi/bin/../lib/gcc/arm-none-eabi/13.3.1/thumb/v7e-m+fp/hard\libc.a(libc_a-stdio.o) (_lseek_r)
D:/arm-gnu-toolchain-13.3.rel1-mingw-w64-i686-arm-none-eabi/bin/../lib/gcc/arm-none-eabi/13.3.1/thumb/v7e-m+fp/hard\libc.a(libc_a-readr.o)
                              D:/arm-gnu-toolchain-13.3.rel1-mingw-w64-i686-arm-none-eabi/bin/../lib/gcc/arm-none-eabi/13.3.1/thumb/v7e-m+fp/hard\libc.a(libc_a-stdio.o) (_read_r)
D:/arm-gnu-toolchain-13.3.rel1-mingw-w64-i686-arm-none-eabi/bin/../lib/gcc/arm-none-eabi/13.3.1/thumb/v7e-m+fp/hard\libc.a(libc_a-writer.o)
                              D:/arm-gnu-toolchain-13.3.rel1-mingw-w64-i686-arm-none-eabi/bin/../lib/gcc/arm-none-eabi/13.3.1/thumb/v7e-m+fp/hard\libc.a(libc_a-stdio.o) (_write_r)
D:/arm-gnu-toolchain-13.3.rel1-mingw-w64-i686-arm-none-eabi/bin/../lib/gcc/arm-none-eabi/13.3.1/thumb/v7e-m+fp/hard\libc.a(libc_a-errno.o)
                              CMakeFiles/stm32Demo.elf.dir/Core/Src/syscalls.c.obj (__errno)
[...]
Memory Configuration

Name             Origin             Length             Attributes
DTCMRAM          0x20000000         0x00020000         xrw
RAM              0x24000000         0x00080000         xrw
RAM_D2           0x30000000         0x00048000         xrw
RAM_D3           0x38000000         0x00010000         xrw
ITCMRAM          0x00000000         0x00010000         xrw
FLASH            0x08000000         0x00200000         xr
*default*        0x00000000         0xffffffff

Linker script and memory map

LOAD D:/arm-gnu-toolchain-13.3.rel1-mingw-w64-i686-arm-none-eabi/bin/../lib/gcc/arm-none-eabi/13.3.1/thumb/v7e-m+fp/hard/crti.o
LOAD D:/arm-gnu-toolchain-13.3.rel1-mingw-w64-i686-arm-none-eabi/bin/../lib/gcc/arm-none-eabi/13.3.1/thumb/v7e-m+fp/hard/crtbegin.o
LOAD D:/arm-gnu-toolchain-13.3.rel1-mingw-w64-i686-arm-none-eabi/bin/../lib/gcc/arm-none-eabi/13.3.1/thumb/v7e-m+fp/hard/crt0.o
LOAD CMakeFiles/stm32Demo.elf.dir/Core/Src/dma.c.obj
LOAD CMakeFiles/stm32Demo.elf.dir/Core/Src/fdcan.c.obj
LOAD CMakeFiles/stm32Demo.elf.dir/Core/Src/freertos.c.obj
LOAD CMakeFiles/stm32Demo.elf.dir/Core/Src/gpio.c.obj
LOAD CMakeFiles/stm32Demo.elf.dir/Core/Src/main.c.obj
LOAD CMakeFiles/stm32Demo.elf.dir/Core/Src/memorymap.c.obj
LOAD CMakeFiles/stm32Demo.elf.dir/Core/Src/stm32h7xx_hal_msp.c.obj
LOAD CMakeFiles/stm32Demo.elf.dir/Core/Src/stm32h7xx_it.c.obj
LOAD CMakeFiles/stm32Demo.elf.dir/Core/Src/syscalls.c.obj
LOAD CMakeFiles/stm32Demo.elf.dir/Core/Src/sysmem.c.obj
LOAD CMakeFiles/stm32Demo.elf.dir/Core/Src/system_stm32h7xx.c.obj
LOAD CMakeFiles/stm32Demo.elf.dir/Core/Src/tim.c.obj
LOAD CMakeFiles/stm32Demo.elf.dir/Core/Src/usart.c.obj
LOAD CMakeFiles/stm32Demo.elf.dir/Core/Src/usb_otg.c.obj
LOAD CMakeFiles/stm32Demo.elf.dir/Drivers/STM32H7xx_HAL_Driver/Src/stm32h7xx_hal.c.obj
LOAD CMakeFiles/stm32Demo.elf.dir/Drivers/STM32H7xx_HAL_Driver/Src/stm32h7xx_hal_cortex.c.obj
LOAD CMakeFiles/stm32Demo.elf.dir/Drivers/STM32H7xx_HAL_Driver/Src/stm32h7xx_hal_dma.c.obj
LOAD CMakeFiles/stm32Demo.elf.dir/Drivers/STM32H7xx_HAL_Driver/Src/stm32h7xx_hal_dma_ex.c.obj
LOAD CMakeFiles/stm32Demo.elf.dir/Drivers/STM32H7xx_HAL_Driver/Src/stm32h7xx_hal_exti.c.obj
LOAD CMakeFiles/stm32Demo.elf.dir/Drivers/STM32H7xx_HAL_Driver/Src/stm32h7xx_hal_fdcan.c.obj
LOAD CMakeFiles/stm32Demo.elf.dir/Drivers/STM32H7xx_HAL_Driver/Src/stm32h7xx_hal_flash.c.obj
LOAD CMakeFiles/stm32Demo.elf.dir/Drivers/STM32H7xx_HAL_Driver/Src/stm32h7xx_hal_flash_ex.c.obj
LOAD CMakeFiles/stm32Demo.elf.dir/Drivers/STM32H7xx_HAL_Driver/Src/stm32h7xx_hal_gpio.c.obj
LOAD CMakeFiles/stm32Demo.elf.dir/Drivers/STM32H7xx_HAL_Driver/Src/stm32h7xx_hal_hsem.c.obj
LOAD CMakeFiles/stm32Demo.elf.dir/Drivers/STM32H7xx_HAL_Driver/Src/stm32h7xx_hal_i2c.c.obj
LOAD CMakeFiles/stm32Demo.elf.dir/Drivers/STM32H7xx_HAL_Driver/Src/stm32h7xx_hal_i2c_ex.c.obj
LOAD CMakeFiles/stm32Demo.elf.dir/Drivers/STM32H7xx_HAL_Driver/Src/stm32h7xx_hal_mdma.c.obj
LOAD CMakeFiles/stm32Demo.elf.dir/Drivers/STM32H7xx_HAL_Driver/Src/stm32h7xx_hal_pcd.c.obj
LOAD CMakeFiles/stm32Demo.elf.dir/Drivers/STM32H7xx_HAL_Driver/Src/stm32h7xx_hal_pcd_ex.c.obj
LOAD CMakeFiles/stm32Demo.elf.dir/Drivers/STM32H7xx_HAL_Driver/Src/stm32h7xx_hal_pwr.c.obj
LOAD CMakeFiles/stm32Demo.elf.dir/Drivers/STM32H7xx_HAL_Driver/Src/stm32h7xx_hal_pwr_ex.c.obj
LOAD CMakeFiles/stm32Demo.elf.dir/Drivers/STM32H7xx_HAL_Driver/Src/stm32h7xx_hal_rcc.c.obj
LOAD CMakeFiles/stm32Demo.elf.dir/Drivers/STM32H7xx_HAL_Driver/Src/stm32h7xx_hal_rcc_ex.c.obj
LOAD CMakeFiles/stm32Demo.elf.dir/Drivers/STM32H7xx_HAL_Driver/Src/stm32h7xx_hal_tim.c.obj
LOAD CMakeFiles/stm32Demo.elf.dir/Drivers/STM32H7xx_HAL_Driver/Src/stm32h7xx_hal_tim_ex.c.obj
LOAD CMakeFiles/stm32Demo.elf.dir/Drivers/STM32H7xx_HAL_Driver/Src/stm32h7xx_hal_uart.c.obj
LOAD CMakeFiles/stm32Demo.elf.dir/Drivers/STM32H7xx_HAL_Driver/Src/stm32h7xx_hal_uart_ex.c.obj
LOAD CMakeFiles/stm32Demo.elf.dir/Drivers/STM32H7xx_HAL_Driver/Src/stm32h7xx_ll_usb.c.obj
LOAD CMakeFiles/stm32Demo.elf.dir/Middlewares/Third_Party/FreeRTOS/Source/CMSIS_RTOS_V2/cmsis_os2.c.obj
LOAD CMakeFiles/stm32Demo.elf.dir/Middlewares/Third_Party/FreeRTOS/Source/croutine.c.obj
LOAD CMakeFiles/stm32Demo.elf.dir/Middlewares/Third_Party/FreeRTOS/Source/event_groups.c.obj
LOAD CMakeFiles/stm32Demo.elf.dir/Middlewares/Third_Party/FreeRTOS/Source/list.c.obj
LOAD CMakeFiles/stm32Demo.elf.dir/Middlewares/Third_Party/FreeRTOS/Source/portable/GCC/ARM_CM4F/port.c.obj
LOAD CMakeFiles/stm32Demo.elf.dir/Middlewares/Third_Party/FreeRTOS/Source/portable/MemMang/heap_4.c.obj
LOAD CMakeFiles/stm32Demo.elf.dir/Middlewares/Third_Party/FreeRTOS/Source/queue.c.obj
LOAD CMakeFiles/stm32Demo.elf.dir/Middlewares/Third_Party/FreeRTOS/Source/stream_buffer.c.obj
LOAD CMakeFiles/stm32Demo.elf.dir/Middlewares/Third_Party/FreeRTOS/Source/tasks.c.obj
LOAD CMakeFiles/stm32Demo.elf.dir/Middlewares/Third_Party/FreeRTOS/Source/timers.c.obj
START GROUP
LOAD D:/arm-gnu-toolchain-13.3.rel1-mingw-w64-i686-arm-none-eabi/bin/../lib/gcc/arm-none-eabi/13.3.1/thumb/v7e-m+fp/hard\libgcc.a
LOAD D:/arm-gnu-toolchain-13.3.rel1-mingw-w64-i686-arm-none-eabi/bin/../lib/gcc/arm-none-eabi/13.3.1/thumb/v7e-m+fp/hard\libc.a
END GROUP
LOAD D:/arm-gnu-toolchain-13.3.rel1-mingw-w64-i686-arm-none-eabi/bin/../lib/gcc/arm-none-eabi/13.3.1/thumb/v7e-m+fp/hard/crtend.o
LOAD D:/arm-gnu-toolchain-13.3.rel1-mingw-w64-i686-arm-none-eabi/bin/../lib/gcc/arm-none-eabi/13.3.1/thumb/v7e-m+fp/hard/crtn.o
                0x20020000                        _estack = (ORIGIN (DTCMRAM) + LENGTH (DTCMRAM))
                0x00000200                        _Min_Heap_Size = 0x200
                0x00000400                        _Min_Stack_Size = 0x400

.isr_vector     0x08000000        0x0
                0x08000000                        . = ALIGN (0x4)
 *(.isr_vector)
                0x08000000                        . = ALIGN (0x4)

.text           0x08000000      0x174
                0x08000000                        . = ALIGN (0x4)
 *(.text)
 *(.text*)
 .text.deregister_tm_clones
                0x08000000       0x1c D:/arm-gnu-toolchain-13.3.rel1-mingw-w64-i686-arm-none-eabi/bin/../lib/gcc/arm-none-eabi/13.3.1/thumb/v7e-m+fp/hard/crtbegin.o
 .text.register_tm_clones
                0x0800001c       0x24 D:/arm-gnu-toolchain-13.3.rel1-mingw-w64-i686-arm-none-eabi/bin/../lib/gcc/arm-none-eabi/13.3.1/thumb/v7e-m+fp/hard/crtbegin.o
 .text.__do_global_dtors_aux
                0x08000040       0x28 D:/arm-gnu-toolchain-13.3.rel1-mingw-w64-i686-arm-none-eabi/bin/../lib/gcc/arm-none-eabi/13.3.1/thumb/v7e-m+fp/hard/crtbegin.o
 .text.frame_dummy
                0x08000068       0x24 D:/arm-gnu-toolchain-13.3.rel1-mingw-w64-i686-arm-none-eabi/bin/../lib/gcc/arm-none-eabi/13.3.1/thumb/v7e-m+fp/hard/crtbegin.o
 .text.__retarget_lock_acquire_recursive
                0x0800008c        0x4 D:/arm-gnu-toolchain-13.3.rel1-mingw-w64-i686-arm-none-eabi/bin/../lib/gcc/arm-none-eabi/13.3.1/thumb/v7e-m+fp/hard\libc.a(libc_a-lock.o)
                0x0800008c                __retarget_lock_acquire_recursive
 .text.__retarget_lock_release_recursive
                0x08000090        0x4 D:/arm-gnu-toolchain-13.3.rel1-mingw-w64-i686-arm-none-eabi/bin/../lib/gcc/arm-none-eabi/13.3.1/thumb/v7e-m+fp/hard\libc.a(libc_a-lock.o)
                0x08000090                __retarget_lock_release_recursive
 .text.startup.register_fini
                0x08000094       0x14 D:/arm-gnu-toolchain-13.3.rel1-mingw-w64-i686-arm-none-eabi/bin/../lib/gcc/arm-none-eabi/13.3.1/thumb/v7e-m+fp/hard\libc.a(libc_a-__call_atexit.o)
 .text.atexit   0x080000a8        0xc D:/arm-gnu-toolchain-13.3.rel1-mingw-w64-i686-arm-none-eabi/bin/../lib/gcc/arm-none-eabi/13.3.1/thumb/v7e-m+fp/hard\libc.a(libc_a-atexit.o)
                0x080000a8                atexit
 .text.__libc_fini_array
                0x080000b4       0x28 D:/arm-gnu-toolchain-13.3.rel1-mingw-w64-i686-arm-none-eabi/bin/../lib/gcc/arm-none-eabi/13.3.1/thumb/v7e-m+fp/hard\libc.a(libc_a-fini.o)
                0x080000b4                __libc_fini_array
 .text.__register_exitproc
                0x080000dc       0x80 D:/arm-gnu-toolchain-13.3.rel1-mingw-w64-i686-arm-none-eabi/bin/../lib/gcc/arm-none-eabi/13.3.1/thumb/v7e-m+fp/hard\libc.a(libc_a-__atexit.o)
                0x080000dc                __register_exitproc
 *(.glue_7)
 .glue_7        0x0800015c        0x0 linker stubs
 *(.glue_7t)
 .glue_7t       0x0800015c        0x0 linker stubs
 *(.eh_frame)
 .eh_frame      0x0800015c        0x0 D:/arm-gnu-toolchain-13.3.rel1-mingw-w64-i686-arm-none-eabi/bin/../lib/gcc/arm-none-eabi/13.3.1/thumb/v7e-m+fp/hard/crtbegin.o
 *(.init)
 .init          0x0800015c        0x4 D:/arm-gnu-toolchain-13.3.rel1-mingw-w64-i686-arm-none-eabi/bin/../lib/gcc/arm-none-eabi/13.3.1/thumb/v7e-m+fp/hard/crti.o
                0x0800015c                _init
 .init          0x08000160        0x8 D:/arm-gnu-toolchain-13.3.rel1-mingw-w64-i686-arm-none-eabi/bin/../lib/gcc/arm-none-eabi/13.3.1/thumb/v7e-m+fp/hard/crtn.o
 *(.fini)
 .fini          0x08000168        0x4 D:/arm-gnu-toolchain-13.3.rel1-mingw-w64-i686-arm-none-eabi/bin/../lib/gcc/arm-none-eabi/13.3.1/thumb/v7e-m+fp/hard/crti.o
                0x08000168                _fini
 .fini          0x0800016c        0x8 D:/arm-gnu-toolchain-13.3.rel1-mingw-w64-i686-arm-none-eabi/bin/../lib/gcc/arm-none-eabi/13.3.1/thumb/v7e-m+fp/hard/crtn.o
                0x08000174                        . = ALIGN (0x4)
                0x08000174                        _etext = .

.vfp11_veneer   0x08000174        0x0
 .vfp11_veneer  0x08000174        0x0 linker stubs

.v4_bx          0x08000174        0x0
 .v4_bx         0x08000174        0x0 linker stubs

.iplt           0x08000174        0x0
 .iplt          0x08000174        0x0 D:/arm-gnu-toolchain-13.3.rel1-mingw-w64-i686-arm-none-eabi/bin/../lib/gcc/arm-none-eabi/13.3.1/thumb/v7e-m+fp/hard/crtbegin.o

.rel.dyn        0x08000174        0x0
 .rel.iplt      0x08000174        0x0 D:/arm-gnu-toolchain-13.3.rel1-mingw-w64-i686-arm-none-eabi/bin/../lib/gcc/arm-none-eabi/13.3.1/thumb/v7e-m+fp/hard/crtbegin.o

.rodata         0x08000174        0x0
                0x08000174                        . = ALIGN (0x4)
 *(.rodata)
 *(.rodata*)
                0x08000174                        . = ALIGN (0x4)

.ARM.extab
 *(.ARM.extab* .gnu.linkonce.armextab.*)

.ARM            0x08000174        0x0
                0x08000174                        __exidx_start = .
 *(.ARM.exidx*)
                0x08000174                        __exidx_end = .

.preinit_array  0x08000174        0x0
                0x08000174                        PROVIDE (__preinit_array_start = .)
 *(.preinit_array*)
                0x08000174                        PROVIDE (__preinit_array_end = .)

.init_array     0x08000174        0x8
                0x08000174                        PROVIDE (__init_array_start = .)
 *(SORT_BY_NAME(.init_array.*))
 .init_array.00000
                0x08000174        0x4 D:/arm-gnu-toolchain-13.3.rel1-mingw-w64-i686-arm-none-eabi/bin/../lib/gcc/arm-none-eabi/13.3.1/thumb/v7e-m+fp/hard\libc.a(libc_a-__call_atexit.o)
 *(.init_array*)
 .init_array    0x08000178        0x4 D:/arm-gnu-toolchain-13.3.rel1-mingw-w64-i686-arm-none-eabi/bin/../lib/gcc/arm-none-eabi/13.3.1/thumb/v7e-m+fp/hard/crtbegin.o
                0x0800017c                        PROVIDE (__init_array_end = .)

.fini_array     0x0800017c        0x4
                0x0800017c                        PROVIDE (__fini_array_start = .)
 *(SORT_BY_NAME(.fini_array.*))
 *(.fini_array*)
 .fini_array    0x0800017c        0x4 D:/arm-gnu-toolchain-13.3.rel1-mingw-w64-i686-arm-none-eabi/bin/../lib/gcc/arm-none-eabi/13.3.1/thumb/v7e-m+fp/hard/crtbegin.o
                0x08000180                        PROVIDE (__fini_array_end = .)
                0x08000180                        _sidata = LOADADDR (.data)

.data           0x20000000        0x4 load address 0x08000180
                0x20000000                        . = ALIGN (0x4)
                0x20000000                        _sdata = .
 *(.data)
 *(.data*)
 .data.__atexit_recursive_mutex
                0x20000000        0x4 D:/arm-gnu-toolchain-13.3.rel1-mingw-w64-i686-arm-none-eabi/bin/../lib/gcc/arm-none-eabi/13.3.1/thumb/v7e-m+fp/hard\libc.a(libc_a-__call_atexit.o)
                0x20000000                __atexit_recursive_mutex
                0x20000004                        . = ALIGN (0x4)
                0x20000004                        _edata = .

.tm_clone_table
                0x20000004        0x0 load address 0x08000184
 .tm_clone_table
                0x20000004        0x0 D:/arm-gnu-toolchain-13.3.rel1-mingw-w64-i686-arm-none-eabi/bin/../lib/gcc/arm-none-eabi/13.3.1/thumb/v7e-m+fp/hard/crtbegin.o
 .tm_clone_table
                0x20000004        0x0 D:/arm-gnu-toolchain-13.3.rel1-mingw-w64-i686-arm-none-eabi/bin/../lib/gcc/arm-none-eabi/13.3.1/thumb/v7e-m+fp/hard/crtend.o

.igot.plt       0x20000004        0x0 load address 0x08000184
 .igot.plt      0x20000004        0x0 D:/arm-gnu-toolchain-13.3.rel1-mingw-w64-i686-arm-none-eabi/bin/../lib/gcc/arm-none-eabi/13.3.1/thumb/v7e-m+fp/hard/crtbegin.o
                0x20000004                        . = ALIGN (0x4)

.bss            0x20000004      0x1b4 load address 0x08000184
                0x20000004                        _sbss = .
                0x20000004                        __bss_start__ = _sbss
 *(.bss)
 *(.bss*)
 .bss.completed.1
                0x20000004        0x1 D:/arm-gnu-toolchain-13.3.rel1-mingw-w64-i686-arm-none-eabi/bin/../lib/gcc/arm-none-eabi/13.3.1/thumb/v7e-m+fp/hard/crtbegin.o
 *fill*         0x20000005        0x3 
 .bss.object.0  0x20000008       0x18 D:/arm-gnu-toolchain-13.3.rel1-mingw-w64-i686-arm-none-eabi/bin/../lib/gcc/arm-none-eabi/13.3.1/thumb/v7e-m+fp/hard/crtbegin.o
 .bss.__lock___atexit_recursive_mutex
                0x20000020        0x1 D:/arm-gnu-toolchain-13.3.rel1-mingw-w64-i686-arm-none-eabi/bin/../lib/gcc/arm-none-eabi/13.3.1/thumb/v7e-m+fp/hard\libc.a(libc_a-lock.o)
                0x20000020                __lock___atexit_recursive_mutex
 *fill*         0x20000021        0x3 
 .bss.__atexit  0x20000024        0x4 D:/arm-gnu-toolchain-13.3.rel1-mingw-w64-i686-arm-none-eabi/bin/../lib/gcc/arm-none-eabi/13.3.1/thumb/v7e-m+fp/hard\libc.a(libc_a-__call_atexit.o)
                0x20000024                __atexit
 .bss.__atexit0
                0x20000028      0x190 D:/arm-gnu-toolchain-13.3.rel1-mingw-w64-i686-arm-none-eabi/bin/../lib/gcc/arm-none-eabi/13.3.1/thumb/v7e-m+fp/hard\libc.a(libc_a-__atexit.o)
                0x20000028                __atexit0
 *(COMMON)
                0x200001b8                        . = ALIGN (0x4)
                0x200001b8                        _ebss = .
                0x200001b8                        __bss_end__ = _ebss

._user_heap_stack
                0x200001b8      0x600 load address 0x08000184
                0x200001b8                        . = ALIGN (0x8)
                [!provide]                        PROVIDE (end = .)
                0x200001b8                        PROVIDE (_end = .)
                0x200003b8                        . = (. + _Min_Heap_Size)
 *fill*         0x200001b8      0x200 
                0x200007b8                        . = (. + _Min_Stack_Size)
 *fill*         0x200003b8      0x400 
                0x200007b8                        . = ALIGN (0x8)

/DISCARD/
 libc.a(*)
 libm.a(*)
 libgcc.a(*)

.ARM.attributes
                0x00000000       0x30
 *(.ARM.attributes)
 .ARM.attributes
                0x00000000       0x22 D:/arm-gnu-toolchain-13.3.rel1-mingw-w64-i686-arm-none-eabi/bin/../lib/gcc/arm-none-eabi/13.3.1/thumb/v7e-m+fp/hard/crti.o
 .ARM.attributes
                0x00000022       0x34 D:/arm-gnu-toolchain-13.3.rel1-mingw-w64-i686-arm-none-eabi/bin/../lib/gcc/arm-none-eabi/13.3.1/thumb/v7e-m+fp/hard/crtbegin.o
 .ARM.attributes
                0x00000056       0x34 D:/arm-gnu-toolchain-13.3.rel1-mingw-w64-i686-arm-none-eabi/bin/../lib/gcc/arm-none-eabi/13.3.1/thumb/v7e-m+fp/hard\libc.a(libc_a-lock.o)
 .ARM.attributes
                0x0000008a       0x34 D:/arm-gnu-toolchain-13.3.rel1-mingw-w64-i686-arm-none-eabi/bin/../lib/gcc/arm-none-eabi/13.3.1/thumb/v7e-m+fp/hard\libc.a(libc_a-__call_atexit.o)
 .ARM.attributes
                0x000000be       0x34 D:/arm-gnu-toolchain-13.3.rel1-mingw-w64-i686-arm-none-eabi/bin/../lib/gcc/arm-none-eabi/13.3.1/thumb/v7e-m+fp/hard\libc.a(libc_a-atexit.o)
 .ARM.attributes
                0x000000f2       0x34 D:/arm-gnu-toolchain-13.3.rel1-mingw-w64-i686-arm-none-eabi/bin/../lib/gcc/arm-none-eabi/13.3.1/thumb/v7e-m+fp/hard\libc.a(libc_a-fini.o)
 .ARM.attributes
                0x00000126       0x34 D:/arm-gnu-toolchain-13.3.rel1-mingw-w64-i686-arm-none-eabi/bin/../lib/gcc/arm-none-eabi/13.3.1/thumb/v7e-m+fp/hard\libc.a(libc_a-__atexit.o)
 .ARM.attributes
                0x0000015a       0x34 D:/arm-gnu-toolchain-13.3.rel1-mingw-w64-i686-arm-none-eabi/bin/../lib/gcc/arm-none-eabi/13.3.1/thumb/v7e-m+fp/hard/crtend.o
 .ARM.attributes
                0x0000018e       0x22 D:/arm-gnu-toolchain-13.3.rel1-mingw-w64-i686-arm-none-eabi/bin/../lib/gcc/arm-none-eabi/13.3.1/thumb/v7e-m+fp/hard/crtn.o
OUTPUT(stm32Demo.elf elf32-littlearm)
LOAD linker stubs
LOAD D:/arm-gnu-toolchain-13.3.rel1-mingw-w64-i686-arm-none-eabi/bin/../lib/gcc/arm-none-eabi/13.3.1/thumb/v7e-m+fp/hard\libc.a
LOAD D:/arm-gnu-toolchain-13.3.rel1-mingw-w64-i686-arm-none-eabi/bin/../lib/gcc/arm-none-eabi/13.3.1/thumb/v7e-m+fp/hard\libm.a
LOAD D:/arm-gnu-toolchain-13.3.rel1-mingw-w64-i686-arm-none-eabi/bin/../lib/gcc/arm-none-eabi/13.3.1/thumb/v7e-m+fp/hard\libgcc.a

.debug_frame    0x00000000      0x194
 .debug_frame   0x00000000       0xb0 D:/arm-gnu-toolchain-13.3.rel1-mingw-w64-i686-arm-none-eabi/bin/../lib/gcc/arm-none-eabi/13.3.1/thumb/v7e-m+fp/hard\libc.a(libc_a-lock.o)
 .debug_frame   0x000000b0       0x5c D:/arm-gnu-toolchain-13.3.rel1-mingw-w64-i686-arm-none-eabi/bin/../lib/gcc/arm-none-eabi/13.3.1/thumb/v7e-m+fp/hard\libc.a(libc_a-__call_atexit.o)
 .debug_frame   0x0000010c       0x20 D:/arm-gnu-toolchain-13.3.rel1-mingw-w64-i686-arm-none-eabi/bin/../lib/gcc/arm-none-eabi/13.3.1/thumb/v7e-m+fp/hard\libc.a(libc_a-atexit.o)
 .debug_frame   0x0000012c       0x34 D:/arm-gnu-toolchain-13.3.rel1-mingw-w64-i686-arm-none-eabi/bin/../lib/gcc/arm-none-eabi/13.3.1/thumb/v7e-m+fp/hard\libc.a(libc_a-fini.o)
 .debug_frame   0x00000160       0x34 D:/arm-gnu-toolchain-13.3.rel1-mingw-w64-i686-arm-none-eabi/bin/../lib/gcc/arm-none-eabi/13.3.1/thumb/v7e-m+fp/hard\libc.a(libc_a-__atexit.o)
